exports[`test that the Main routes are rendered correctly 1`] = `
<BrowserRouter>
  <div>
    <section
      className="navigation-container">
      <img
        className="navigation-container__jw-logo"
        src="public/assets/images/jwlogo.svg" />
      <nav
        className="navigation-container__nav">
        <Link
          activeClassName=""
          activeOnlyWhenExact={false}
          activeStyle={Object {}}
          className=""
          isActive={[Function]}
          replace={false}
          style={Object {}}
          to="/">
          Home
        </Link>
        <Link
          activeClassName=""
          activeOnlyWhenExact={false}
          activeStyle={Object {}}
          className=""
          isActive={[Function]}
          replace={false}
          style={Object {}}
          to="/blog">
          Blog
        </Link>
      </nav>
    </section>
    <section
      className="main-content-container">
      <Match
        component={[Function]}
        exactly={true}
        pattern="/" />
      <Match
        component={[Function]}
        exactly={false}
        pattern="/blog" />
    </section>
  </div>
</BrowserRouter>
`;
